http://www.sunstar.com.ph/superbalita-cebu/balita/2018/03/14/da-7-mamaligya-og-bugas-isip-selebrasyon-sa-womens-month-593612http://www.sunstar.com.ph/superbalita-cebu/balita/2018/03/12/led-screen-ibutang-sa-mandaue-city-hall-593252http://www.sunstar.com.ph/superbalita-cebu/balita/2018/03/12/hukom-ni-radaza-batok-sa-street-cleaner-gipaabot-593249http://www.sunstar.com.ph/superbalita-cebu/balita/2018/03/12/led-screen-ibutang-sa-mandaue-city-hall-593252http://www.sunstar.com.ph/superbalita-cebu/balita/2018/03/11/desisyon-ipakanaog-593051http://www.sunstar.com.ph/superbalita-cebu/balita/2018/03/10/gitabangan-og-patay-sa-silingan-592974http://www.sunstar.com.ph/superbalita-cebu/balita/2018/03/10/mga-sigarilyo-gitagoan-sud-sa-isda-nabisto-nuon-592963http://www.sunstar.com.ph/superbalita-cebu/balita/2018/02/22/puya-milutaw-uban-sa-mga-basura-naluwas-buhi-590281http://www.sunstar.com.ph/superbalita-cebu/balita/2018/02/22/inahan-anak-sa-suspek-gikiha-590279http://www.sunstar.com.ph/superbalita-cebu/balita/2018/02/10/7-ka-mga-sakyanan-gi-vandal-588314http://www.sunstar.com.ph/superbalita-cebu/balita/2018/02/10/mga-piniriso-sa-cpdrc-gihagit-588313http://www.sunstar.com.ph/superbalita-cebu/balita/2018/02/10/dili-na-pasudlon-sa-csbt-588312http://www.sunstar.com.ph/superbalita-cebu/balita/2018/02/10/babayeng-enforcer-gikulata-sa-kanhi-kapitan-588311http://www.sunstar.com.ph/superbalita-cebu/balita/2018/02/10/discipline-zone-sa-tulo-ka-mga-barangay-ipatuman-588310http://www.sunstar.com.ph/superbalita-cebu/balita/2018/02/05/30-ang-nadakpan-sa-citom-pag-counterflow-587421http://www.sunstar.com.ph/superbalita-cebu/balita/2018/02/05/revalidation-sa-senior-citizens-sa-mandaue-gisugdan-587414http://www.sunstar.com.ph/superbalita-cebu/balita/2018/02/04/duterte-mosubo-sa-malasakit-center-587290http://www.sunstar.com.ph/superbalita-cebu/balita/2018/02/04/abusadong-drayber-maleksiyon-karon-587289http://www.sunstar.com.ph/superbalita-cebu/balita/2018/01/23/3-ka-resto-bar-wa-gipa-renew-ni-luigi-585301http://www.sunstar.com.ph/superbalita-cebu/balita/2018/01/23/tomas-motambong-sa-hearing-sa-angkas-585300http://www.sunstar.com.ph/superbalita-cebu/balita/2018/01/04/cebu-city-abli-sa-laing-kawit-devt-proposal-582380http://www.sunstar.com.ph/superbalita-cebu/balita/2017/12/22/15-naangol-sa-bangga-sa-sakyanan-581013http://www.sunstar.com.ph/superbalita-cebu/balita/2017/12/21/liboan-na-stranded-sa-bagyo-580864